
   FAIL  Tests\Feature\Auth\AuthenticationTest
  Γ£ô login scrΓÇª 0.36s  
  Γ¿» users canΓÇª 0.10s  
  Γ£ô users canΓÇª 0.23s  
  Γ£ô users canΓÇª 0.03s  
  ΓöÇΓöÇΓöÇΓöÇΓöÇΓöÇΓöÇΓöÇΓöÇΓöÇΓöÇΓöÇΓöÇΓöÇΓöÇΓöÇΓöÇΓöÇ  
   FAILED  Tests\FΓÇª   
  Failed asserting that two strings are equal.
--- Expected
+++ Actual
@@ @@
-'http://127.0.0.1:8000/dashboard'
+'http://127.0.0.1:8000/home'

  at tests\Feature\Auth\AuthenticationTest.php:30
     26Γûò             'password' => 'password',
     27Γûò         ]);
     28Γûò 
     29Γûò         $this->assertAuthenticated();
  Γ₧£  30Γûò         $response->assertRedirect(route('dashboard', absolute: false));
     31Γûò     }
     32Γûò 
     33Γûò     public function test_users_can_not_authenticate_with_invalid_password(): void
     34Γûò     {


  Tests:    1 failed, 3 passed (8 assertions)
  Duration: 0.92s

